#-----------------------------------------------------------
# Vivado v2020.2 (64-bit)
# SW Build 3064766 on Wed Nov 18 09:12:45 MST 2020
# IP Build 3064653 on Wed Nov 18 14:17:31 MST 2020
# Start of session at: Fri May  3 12:53:38 2024
# Process ID: 30596
# Current directory: C:/Users/jaashwa/Documents/GitHub/Final-Project/Vivado/Project
# Command line: vivado.exe -gui_launcher_event rodinguilauncherevent34164 C:\Users\jaashwa\Documents\GitHub\Final-Project\Vivado\Project\Project.xpr
# Log file: C:/Users/jaashwa/Documents/GitHub/Final-Project/Vivado/Project/vivado.log
# Journal file: C:/Users/jaashwa/Documents/GitHub/Final-Project/Vivado/Project\vivado.jou
#-----------------------------------------------------------
start_gui
open_project C:/Users/jaashwa/Documents/GitHub/Final-Project/Vivado/Project/Project.xpr
update_compile_order -fileset sources_1
save_project_as finalProject C:/Users/jaashwa/Documents/GitHub/Final-Project/Vivado/finalProject -force
reset_run synth_1
launch_runs impl_1 -to_step write_bitstream -jobs 16
wait_on_run impl_1
open_hw_manager
connect_hw_server -allow_non_jtag
open_hw_target
set_property PROGRAM.FILE {C:/Users/jaashwa/Documents/GitHub/Final-Project/Vivado/finalProject/finalProject.runs/impl_1/top_demo.bit} [get_hw_devices xc7z020_1]
current_hw_device [get_hw_devices xc7z020_1]
refresh_hw_device -update_hw_probes false [lindex [get_hw_devices xc7z020_1] 0]
set_property PROBES.FILE {} [get_hw_devices xc7z020_1]
set_property FULL_PROBES.FILE {} [get_hw_devices xc7z020_1]
set_property PROGRAM.FILE {C:/Users/jaashwa/Documents/GitHub/Final-Project/Vivado/finalProject/finalProject.runs/impl_1/top_demo.bit} [get_hw_devices xc7z020_1]
program_hw_devices [get_hw_devices xc7z020_1]
refresh_hw_device [lindex [get_hw_devices xc7z020_1] 0]
